{
	"time": "2024-01-01T00:00:00+13:00",
	"version": "0.0.3",
	"cloudcannon": {
		"name": "cloudcannon-jekyll",
		"version": "*.*.*"
	},
	"generator": {
		"name": "jekyll",
		"version": "4.3.2",
		"environment": "development",
		"metadata": {
			"markdown": "kramdown",
			"kramdown": {
				"auto_ids": true,
				"toc_levels": [
					1,
					2,
					3,
					4,
					5,
					6
				],
				"entity_output": "as_char",
				"smart_quotes": "lsquo,rsquo,ldquo,rdquo",
				"input": "GFM",
				"hard_wrap": false,
				"guess_lang": true,
				"footnote_nr": 1,
				"show_warnings": false
			},
			"commonmark": null
		}
	},
	"paths": {
		"dam_static": "",
		"dam_uploads": "",
		"static": "",
		"uploads": "uploads",
		"data": "_data",
		"collections": "",
		"layouts": "_layouts"
	},
	"collections_config": {
		"staff_members": {
			"output": false,
			"custom": "indeed",
			"auto_discovered": false,
			"parser": false,
			"path": "_staff_members"
		},
		"pages": {
			"auto_discovered": true,
			"path": "",
			"output": true,
			"filter": "strict"
		},
		"data": {
			"auto_discovered": true,
			"path": "_data",
			"output": false
		}
	},
	"collection_groups": [
		{
			"heading": "Blogging",
			"collections": [
				"posts",
				"drafts"
			]
		},
		{
			"heading": "Other",
			"collections": [
				"pages",
				"staff_members"
			]
		}
	],
	"collections": {
		"staff_members": [],
		"posts": [],
		"drafts": [],
		"pages": [
			{
				"layout": "default",
				"title": "Not Found",
				"call_to_action": "Contact",
				"permalink": "/404.html",
				"sitemap": false,
				"path": "404.html",
				"url": "/404.html",
				"collection": "pages"
			},
			{
				"layout": "default",
				"title": "About",
				"call_to_action": "Contact",
				"path": "about.html",
				"url": "/about/",
				"collection": "pages"
			},
			{
				"layout": "default",
				"title": "Blog",
				"call_to_action": "Contact",
				"path": "blog.html",
				"url": "/blog/",
				"collection": "pages"
			},
			{
				"layout": "default",
				"title": "Contact Success",
				"call_to_action": "Advice",
				"sitemap": false,
				"path": "contact-success.html",
				"url": "/contact-success/",
				"collection": "pages"
			},
			{
				"layout": "default",
				"title": "Contact",
				"call_to_action": "Map",
				"path": "contact.html",
				"url": "/contact/",
				"collection": "pages"
			},
			{
				"layout": "default",
				"title": "Content",
				"call_to_action": "Contact",
				"path": "content.md",
				"url": "/content/",
				"collection": "pages"
			},
			{
				"layout": "default",
				"title": null,
				"call_to_action": "Contact",
				"quotes": [
					{
						"text": "Hey there",
						"name": "Bee"
					},
					{
						"text": "Hi mate",
						"name": "Sea"
					},
					{
						"text": "Greetings to you",
						"name": "Zed Zee"
					}
				],
				"path": "index.html",
				"url": "/",
				"collection": "pages"
			},
			{
				"layout": "default",
				"path": "static-page.html",
				"url": "/static-page.html",
				"collection": "pages"
			}
		]
	},
	"data": {
		"footer": [
			{
				"links": [
					{
						"link": "http://example.com",
						"name": "Example"
					},
					{
						"link": "http://example.com",
						"name": "Another Example"
					}
				],
				"title": "Links"
			}
		],
		"categories": [],
		"tags": []
	},
	"source": "/spec/fixtures/ignored-collection",
	"timezone": "Etc/UTC",
	"data_config": {
		"footer": true
	},
	"base_url": "",
	"_inputs": {
		"heading_image": {
			"type": "image",
			"comment": "This image should be related to the content"
		},
		"my_html": {
			"type": "html",
			"options": {
				"italic": true,
				"bold": true,
				"styles": "hello.css"
			}
		}
	},
	"_editables": {
		"content": {
			"image": true,
			"bold": true
		}
	},
	"_select_data": {
		"people": [
			"Jim",
			"Pam"
		],
		"greetings": {
			"hello": "Hello!",
			"hi": "Hi"
		}
	},
	"_structures": {
		"gallery": {
			"style": "select",
			"values": [
				{
					"label": "Image",
					"image": "/path/to/source-image.png",
					"value": {
						"image": "/placeholder.png",
						"caption": null
					}
				},
				{
					"label": "External link",
					"icon": "link",
					"value": {
						"url": null,
						"title": null
					}
				}
			]
		}
	},
	"editor": {
		"default_path": "basic"
	},
	"source_editor": {
		"tab_size": 2,
		"show_gutter": false,
		"theme": "dawn"
	},
	"defaults": [
		{
			"scope": {
				"path": ""
			},
			"values": {
				"layout": "default"
			}
		},
		{
			"scope": {
				"path": "",
				"type": "posts"
			},
			"values": {
				"layout": "post"
			}
		}
	]
}
